../Core/Src/main.c:77:6:HAL_TIM_IC_CaptureCallback	16	static
../Core/Src/main.c:82:6:Phase_Shift_Calculator	24	static
../Core/Src/main.c:103:6:Frequency_Calculator	24	static
../Core/Src/main.c:118:6:HAL_GPIO_EXTI_Callback	16	static
../Core/Src/main.c:130:5:main	8	static
../Core/Src/main.c:183:6:SystemClock_Config	88	static
../Core/Src/main.c:230:13:MX_TIM1_Init	120	static
../Core/Src/main.c:317:13:MX_TIM2_Init	56	static
../Core/Src/main.c:377:13:MX_DMA_Init	16	static
../Core/Src/main.c:399:13:MX_GPIO_Init	40	static
../Core/Src/main.c:432:6:Error_Handler	4	static,ignoring_inline_asm
